// Jest Snapshot v1, https://goo.gl/fbAQLP

exports[`SyntaxHighlighter component renders correctly without inline styles when useInlineStyles=false 1`] = `
<pre
  className="hljs"
>
  <code>
    <span
      className=""
    >
      const woah = fun =&gt; fun + 1;

    </span>
    const dude = woah(2) + 3;

    function thisIsAFunction() {

      return [1,2,3].map(n =&gt; n + 1).filter(n !== 3);

    }

    console.log('making up fake code is really hard');

    

    function itIs() {

      return 'no seriously really it is';

    }

    

  </code>
</pre>
`;
